Microchip MPLAB XC8 Compiler V2.40

Linker command line:

-W-3 --edf=/opt/microchip/xc8/v2.40/pic/dat/20220703182018_en.msgs -cn \
  -h+dist/default/production/Taladro.X.production.sym \
  --cmf=dist/default/production/Taladro.X.production.cmf -z -Q16F1503 \
  -o/tmp/xcXcbCOla --defsym=__MPLAB_BUILD=1 --fixupoverflow=error \
  -Mdist/default/production/Taladro.X.production.map \
  --md=/tmp/xcXoijeDd.dat -E1 -ver=XC8 Compiler --acfsm=1493 \
  -ACODE=00h-07FFh -ASTRCODE=00h-07FFh -ASTRING=00h-0FFhx8 \
  -ACONST=00h-0FFhx8 -AENTRY=00h-0FFhx8 -ACOMMON=070h-07Fh \
  -ABANK0=020h-06Fh -ABANK1=0A0h-0BFh -ABIGRAM=02000h-0206Fh \
  -ARAM=020h-06Fh,0A0h-0BFh -AABS1=020h-07Fh,0A0h-0BFh -ASFR0=00h-01Fh \
  -ASFR1=080h-09Fh -ASFR2=0100h-016Fh -ASFR3=0180h-01EFh -ASFR4=0200h-026Fh \
  -ASFR5=0280h-02EFh -ASFR6=0300h-036Fh -ASFR7=0380h-03EFh \
  -ASFR8=0400h-046Fh -ASFR9=0480h-04EFh -ASFR10=0500h-056Fh \
  -ASFR11=0580h-05EFh -ASFR12=0600h-066Fh -ASFR13=0680h-06EFh \
  -ASFR14=0700h-076Fh -ASFR15=0780h-07EFh -ASFR16=0800h-086Fh \
  -ASFR17=0880h-08EFh -ASFR18=0900h-096Fh -ASFR19=0980h-09EFh \
  -ASFR20=0A00h-0A6Fh -ASFR21=0A80h-0AEFh -ASFR22=0B00h-0B6Fh \
  -ASFR23=0B80h-0BEFh -ASFR24=0C00h-0C6Fh -ASFR25=0C80h-0CEFh \
  -ASFR26=0D00h-0D6Fh -ASFR27=0D80h-0DEFh -ASFR28=0E00h-0E6Fh \
  -ASFR29=0E80h-0EEFh -ASFR30=0F00h-0F6Fh -ASFR31=0F80h-0FEFh \
  -ACONFIG=08007h-08008h -DCONFIG=2 -AIDLOC=08000h-08003h -DIDLOC=2 \
  -DCODE=2 -DSTRCODE=2 -DSTRING=2 -DCONST=2 -DENTRY=2 \
  -preset_vec=00h,intentry,init,end_init -ppowerup=CODE -pcinit=CODE \
  -pfunctab=ENTRY -k /tmp/xcXngKhka.o \
  dist/default/production/Taladro.X.production.o 

Object code version is 3.11

Machine type is 16F1503



                Name                               Link     Load   Length Selector   Space Scale
/tmp/xcXngKhka.o
                end_init                              1        1        1        0       0
                reset_vec                             0        0        1        0       0
                config                             8007     8007        2        0       4
                idloc                              8000     8000        4        0       5
dist/default/production/Taladro.X.production.o
                cinit                               7FC      7FC        4      FF8       0
                config                             8007     8007        2        0       4
                idloc                              8000     8000        4        0       5
                text10                              64F      64F       1B      C9E       0
                text9                               639      639       16      C72       0
                text8                               609      609        9      C12       0
                text7                               5F3      5F3        6      BE6       0
                text6                               625      625       14      C4A       0
                text5                               5F9      5F9        8      BF2       0
                text4                               601      601        8      C02       0
                text3                               5EF      5EF        4      BDE       0
                text2                               612      612       13      C24       0
                text1                               66A      66A       3C      CD4       0
                maintext                            6A6      6A6      156      D4C       0
                cstackBANK0                          20       20       10       20       1
                cstackCOMMON                         70       70        A       70       1
                bssCOMMON                            7A       7A        2       70       1
                stringtext3                         5E9      5E9        2      BD2       0
                stringtext2                         5EB      5EB        2      BD6       0
                stringtext1                         5ED      5ED        2      BDA       0

TOTAL           Name                               Link     Load   Length     Space
        CLASS   CODE           
                end_init                              1        1        1         0
                cinit                               7FC      7FC        4         0
                reset_vec                             0        0        1         0
                text10                              64F      64F       1B         0
                text9                               639      639       16         0
                text8                               609      609        9         0
                text7                               5F3      5F3        6         0
                text6                               625      625       14         0
                text5                               5F9      5F9        8         0
                text4                               601      601        8         0
                text3                               5EF      5EF        4         0
                text2                               612      612       13         0
                text1                               66A      66A       3C         0
                maintext                            6A6      6A6      156         0

        CLASS   STRCODE        
                stringtext3                         5E9      5E9        2         0
                stringtext2                         5EB      5EB        2         0
                stringtext1                         5ED      5ED        2         0

        CLASS   STRING         

        CLASS   CONST          

        CLASS   ENTRY          

        CLASS   COMMON         
                cstackCOMMON                         70       70        A         1
                bssCOMMON                            7A       7A        2         1

        CLASS   BANK0          
                cstackBANK0                          20       20       10         1

        CLASS   BANK1          

        CLASS   BIGRAM         

        CLASS   RAM            

        CLASS   ABS1           
                abs_s1                               7E       7E        2         1

        CLASS   SFR0           

        CLASS   SFR1           

        CLASS   SFR2           

        CLASS   SFR3           

        CLASS   SFR4           

        CLASS   SFR5           

        CLASS   SFR6           

        CLASS   SFR7           

        CLASS   SFR8           

        CLASS   SFR9           

        CLASS   SFR10          

        CLASS   SFR11          

        CLASS   SFR12          

        CLASS   SFR13          

        CLASS   SFR14          

        CLASS   SFR15          

        CLASS   SFR16          

        CLASS   SFR17          

        CLASS   SFR18          

        CLASS   SFR19          

        CLASS   SFR20          

        CLASS   SFR21          

        CLASS   SFR22          

        CLASS   SFR23          

        CLASS   SFR24          

        CLASS   SFR25          

        CLASS   SFR26          

        CLASS   SFR27          

        CLASS   SFR28          

        CLASS   SFR29          

        CLASS   SFR30          

        CLASS   SFR31          

        CLASS   CONFIG         
                config                             8007     8007        2         4

        CLASS   IDLOC          
                idloc                              8000     8000        4         5

        CLASS   BANK31         

        CLASS   BANK30         

        CLASS   BANK29         

        CLASS   BANK28         

        CLASS   BANK27         

        CLASS   BANK26         

        CLASS   BANK25         

        CLASS   BANK24         

        CLASS   BANK23         

        CLASS   BANK22         

        CLASS   BANK21         

        CLASS   BANK20         

        CLASS   BANK19         

        CLASS   BANK18         

        CLASS   BANK17         

        CLASS   BANK16         

        CLASS   BANK15         

        CLASS   BANK14         

        CLASS   BANK13         

        CLASS   BANK12         

        CLASS   BANK11         

        CLASS   BANK10         

        CLASS   BANK9          

        CLASS   BANK8          

        CLASS   BANK7          

        CLASS   BANK6          

        CLASS   BANK5          

        CLASS   BANK4          

        CLASS   BANK3          

        CLASS   BANK2          

        CLASS   HEAP           

        CLASS   STACK          

        CLASS   EEDATA         



SEGMENTS        Name                           Load    Length   Top    Selector   Space  Class     Delta

                text8                          000609  000009  000612       C12       0  CODE        2
                text2                          000612  000013  000625       C24       0  CODE        2
                reset_vec                      000000  000002  000002         0       0  CODE        2
                text4                          000601  000008  000609       C02       0  CODE        2
                text6                          000625  000014  000639       C4A       0  CODE        2
                text9                          000639  000016  00064F       C72       0  CODE        2
                text7                          0005F3  000006  0005F9       BE6       0  CODE        2
                text3                          0005EF  000004  0005F3       BDE       0  CODE        2
                text5                          0005F9  000008  000601       BF2       0  CODE        2
                text10                         00064F  00001B  00066A       C9E       0  CODE        2
                maintext                       0006A6  000156  0007FC       D4C       0  CODE        2
                text1                          00066A  00003C  0006A6       CD4       0  CODE        2
                stringtext3                    0005E9  000002  0005EB       BD2       0  STRCODE     2
                stringtext2                    0005EB  000002  0005ED       BD6       0  STRCODE     2
                stringtext1                    0005ED  000002  0005EF       BDA       0  STRCODE     2
                cstackBANK0                    000020  000010  000030        20       1  BANK0       1
                cinit                          0007FC  000004  000800       FF8       0  CODE        2
                cstackCOMMON                   000070  00000C  00007C        70       1  COMMON      1


UNUSED ADDRESS RANGES

        Name                Unused          Largest block    Delta
        BANK0            00030-0006F              40           1
        BANK1            000A0-000BF              20           1
        BIGRAM           02000-0206F              70           1
        CODE             00002-005E8             5E7           2
        COMMON           0007C-0007D               2           1
        CONST            00002-005E8             100           2
        ENTRY            00002-005E8             100           2
        RAM              00030-0006F              40           1
                         000A0-000BF              20
        SFR0             00000-0001F              20           1
        SFR1             00080-0009F              20           1
        SFR10            00500-0056F              70           1
        SFR11            00580-005EF              70           1
        SFR12            00600-0066F              70           1
        SFR13            00680-006EF              70           1
        SFR14            00700-0076F              70           1
        SFR15            00780-007EF              70           1
        SFR16            00800-0086F              70           1
        SFR17            00880-008EF              70           1
        SFR18            00900-0096F              70           1
        SFR19            00980-009EF              70           1
        SFR2             00100-0016F              70           1
        SFR20            00A00-00A6F              70           1
        SFR21            00A80-00AEF              70           1
        SFR22            00B00-00B6F              70           1
        SFR23            00B80-00BEF              70           1
        SFR24            00C00-00C6F              70           1
        SFR25            00C80-00CEF              70           1
        SFR26            00D00-00D6F              70           1
        SFR27            00D80-00DEF              70           1
        SFR28            00E00-00E6F              70           1
        SFR29            00E80-00EEF              70           1
        SFR3             00180-001EF              70           1
        SFR30            00F00-00F6F              70           1
        SFR31            00F80-00FEF              70           1
        SFR4             00200-0026F              70           1
        SFR5             00280-002EF              70           1
        SFR6             00300-0036F              70           1
        SFR7             00380-003EF              70           1
        SFR8             00400-0046F              70           1
        SFR9             00480-004EF              70           1
        STRCODE          00002-005E8             5E7           2
        STRING           00002-005E8             100           2

                                  Symbol Table

?_ADC_GetConversion             cstackCOMMON 00070
?___lwdiv                       cstackCOMMON 00070
ADC_GetConversion@channel       cstackCOMMON 00073
PWM1_LoadDutyValue@dutyValue    cstackCOMMON 00070
_ADCON0                         (abs)        0009D
_ADCON0bits                     (abs)        0009D
_ADCON1                         (abs)        0009E
_ADCON2                         (abs)        0009F
_ADC_GetConversion              text10       0064F
_ADC_Initialize                 text8        00609
_ADRESH                         (abs)        0009C
_ADRESL                         (abs)        0009B
_ANSELA                         (abs)        0018C
_ANSELC                         (abs)        0018E
_APFCON                         (abs)        0011D
_BORCON                         (abs)        00116
_INTCONbits                     (abs)        0000B
_LATA                           (abs)        0010C
_LATC                           (abs)        0010E
_OPTION_REGbits                 (abs)        00095
_OSCCON                         (abs)        00099
_OSCILLATOR_Initialize          text7        005F3
_PIN_MANAGER_Initialize         text6        00625
_PIR1bits                       (abs)        00011
_PMADRH                         (abs)        00192
_PMADRL                         (abs)        00191
_PMCON1bits                     (abs)        00195
_PMCON2                         (abs)        00196
_PMDATH                         (abs)        00194
_PMDATL                         (abs)        00193
_PR2                            (abs)        0001B
_PWM1CON                        (abs)        00613
_PWM1DCH                        (abs)        00612
_PWM1DCL                        (abs)        00611
_PWM1_Initialize                text5        005F9
_PWM1_LoadDutyValue             text9        00639
_SYSTEM_Initialize              text2        00612
_T2CON                          (abs)        0001C
_T2CONbits                      (abs)        0001C
_TMR2                           (abs)        0001A
_TMR2_Initialize                text4        00601
_TRISA                          (abs)        0008C
_TRISC                          (abs)        0008E
_WDTCON                         (abs)        00097
_WDT_Initialize                 text3        005EF
_WPUA                           (abs)        0020C
__Habs1                         abs1         00000
__Hbank0                        bank0        00000
__Hbank1                        bank1        00000
__Hbank10                       bank10       00000
__Hbank11                       bank11       00000
__Hbank12                       bank12       00000
__Hbank13                       bank13       00000
__Hbank14                       bank14       00000
__Hbank15                       bank15       00000
__Hbank16                       bank16       00000
__Hbank17                       bank17       00000
__Hbank18                       bank18       00000
__Hbank19                       bank19       00000
__Hbank2                        bank2        00000
__Hbank20                       bank20       00000
__Hbank21                       bank21       00000
__Hbank22                       bank22       00000
__Hbank23                       bank23       00000
__Hbank24                       bank24       00000
__Hbank25                       bank25       00000
__Hbank26                       bank26       00000
__Hbank27                       bank27       00000
__Hbank28                       bank28       00000
__Hbank29                       bank29       00000
__Hbank3                        bank3        00000
__Hbank30                       bank30       00000
__Hbank31                       bank31       00000
__Hbank4                        bank4        00000
__Hbank5                        bank5        00000
__Hbank6                        bank6        00000
__Hbank7                        bank7        00000
__Hbank8                        bank8        00000
__Hbank9                        bank9        00000
__Hbigram                       bigram       00000
__HbssCOMMON                    bssCOMMON    00000
__Hcinit                        cinit        00800
__Hclrtext                      clrtext      00000
__Hcode                         code         00000
__Hcommon                       common       00000
__Hconfig                       config       08009
__HcstackBANK0                  cstackBANK0  00000
__HcstackCOMMON                 cstackCOMMON 00000
__Heeprom_data                  eeprom_data  00000
__Hend_init                     end_init     00002
__Hfunctab                      functab      00000
__Hheap                         heap         00000
__Hidloc                        idloc        08004
__Hinit                         init         00001
__Hintentry                     intentry     00001
__Hmaintext                     maintext     00000
__Hpowerup                      powerup      00000
__Hram                          ram          00000
__Hreset_vec                    reset_vec    00001
__Hsfr0                         sfr0         00000
__Hsfr1                         sfr1         00000
__Hsfr10                        sfr10        00000
__Hsfr11                        sfr11        00000
__Hsfr12                        sfr12        00000
__Hsfr13                        sfr13        00000
__Hsfr14                        sfr14        00000
__Hsfr15                        sfr15        00000
__Hsfr16                        sfr16        00000
__Hsfr17                        sfr17        00000
__Hsfr18                        sfr18        00000
__Hsfr19                        sfr19        00000
__Hsfr2                         sfr2         00000
__Hsfr20                        sfr20        00000
__Hsfr21                        sfr21        00000
__Hsfr22                        sfr22        00000
__Hsfr23                        sfr23        00000
__Hsfr24                        sfr24        00000
__Hsfr25                        sfr25        00000
__Hsfr26                        sfr26        00000
__Hsfr27                        sfr27        00000
__Hsfr28                        sfr28        00000
__Hsfr29                        sfr29        00000
__Hsfr3                         sfr3         00000
__Hsfr30                        sfr30        00000
__Hsfr31                        sfr31        00000
__Hsfr4                         sfr4         00000
__Hsfr5                         sfr5         00000
__Hsfr6                         sfr6         00000
__Hsfr7                         sfr7         00000
__Hsfr8                         sfr8         00000
__Hsfr9                         sfr9         00000
__Hspace_0                      (abs)        00800
__Hspace_1                      (abs)        0007C
__Hspace_2                      (abs)        00000
__Hspace_3                      (abs)        00000
__Hspace_4                      (abs)        10010
__Hstack                        stack        00000
__Hstrings                      strings      00000
__Hstringtext1                  stringtext1  00000
__Hstringtext2                  stringtext2  00000
__Hstringtext3                  stringtext3  00000
__Htext                         text         00000
__Labs1                         abs1         00000
__Lbank0                        bank0        00000
__Lbank1                        bank1        00000
__Lbank10                       bank10       00000
__Lbank11                       bank11       00000
__Lbank12                       bank12       00000
__Lbank13                       bank13       00000
__Lbank14                       bank14       00000
__Lbank15                       bank15       00000
__Lbank16                       bank16       00000
__Lbank17                       bank17       00000
__Lbank18                       bank18       00000
__Lbank19                       bank19       00000
__Lbank2                        bank2        00000
__Lbank20                       bank20       00000
__Lbank21                       bank21       00000
__Lbank22                       bank22       00000
__Lbank23                       bank23       00000
__Lbank24                       bank24       00000
__Lbank25                       bank25       00000
__Lbank26                       bank26       00000
__Lbank27                       bank27       00000
__Lbank28                       bank28       00000
__Lbank29                       bank29       00000
__Lbank3                        bank3        00000
__Lbank30                       bank30       00000
__Lbank31                       bank31       00000
__Lbank4                        bank4        00000
__Lbank5                        bank5        00000
__Lbank6                        bank6        00000
__Lbank7                        bank7        00000
__Lbank8                        bank8        00000
__Lbank9                        bank9        00000
__Lbigram                       bigram       00000
__LbssCOMMON                    bssCOMMON    00000
__Lcinit                        cinit        007FC
__Lclrtext                      clrtext      00000
__Lcode                         code         00000
__Lcommon                       common       00000
__Lconfig                       config       00000
__LcstackBANK0                  cstackBANK0  00000
__LcstackCOMMON                 cstackCOMMON 00000
__Leeprom_data                  eeprom_data  00000
__Lend_init                     end_init     00001
__Lfunctab                      functab      00000
__Lheap                         heap         00000
__Lidloc                        idloc        00000
__Linit                         init         00001
__Lintentry                     intentry     00001
__Lmaintext                     maintext     00000
__Lpowerup                      powerup      00000
__Lram                          ram          00000
__Lreset_vec                    reset_vec    00000
__Lsfr0                         sfr0         00000
__Lsfr1                         sfr1         00000
__Lsfr10                        sfr10        00000
__Lsfr11                        sfr11        00000
__Lsfr12                        sfr12        00000
__Lsfr13                        sfr13        00000
__Lsfr14                        sfr14        00000
__Lsfr15                        sfr15        00000
__Lsfr16                        sfr16        00000
__Lsfr17                        sfr17        00000
__Lsfr18                        sfr18        00000
__Lsfr19                        sfr19        00000
__Lsfr2                         sfr2         00000
__Lsfr20                        sfr20        00000
__Lsfr21                        sfr21        00000
__Lsfr22                        sfr22        00000
__Lsfr23                        sfr23        00000
__Lsfr24                        sfr24        00000
__Lsfr25                        sfr25        00000
__Lsfr26                        sfr26        00000
__Lsfr27                        sfr27        00000
__Lsfr28                        sfr28        00000
__Lsfr29                        sfr29        00000
__Lsfr3                         sfr3         00000
__Lsfr30                        sfr30        00000
__Lsfr31                        sfr31        00000
__Lsfr4                         sfr4         00000
__Lsfr5                         sfr5         00000
__Lsfr6                         sfr6         00000
__Lsfr7                         sfr7         00000
__Lsfr8                         sfr8         00000
__Lsfr9                         sfr9         00000
__Lspace_0                      (abs)        00000
__Lspace_1                      (abs)        00000
__Lspace_2                      (abs)        00000
__Lspace_3                      (abs)        00000
__Lspace_4                      (abs)        00000
__Lstack                        stack        00000
__Lstrings                      strings      00000
__Lstringtext1                  stringtext1  00000
__Lstringtext2                  stringtext2  00000
__Lstringtext3                  stringtext3  00000
__Ltext                         text         00000
__S0                            (abs)        00800
__S1                            (abs)        0007C
___heap_hi                      (abs)        00000
___heap_lo                      (abs)        00000
___int_sp                       stack        00000
___latbits                      (abs)        00000
___lwdiv                        text1        0066A
___lwdiv@counter                cstackCOMMON 00077
___lwdiv@dividend               cstackCOMMON 00072
___lwdiv@divisor                cstackCOMMON 00070
___lwdiv@quotient               cstackCOMMON 00075
___sp                           stack        00000
___stackhi                      (abs)        00000
___stacklo                      (abs)        00000
__end_of_ADC_GetConversion      text10       0066A
__end_of_ADC_Initialize         text8        00612
__end_of_DCmaxCCW               stringtext1  005EF
__end_of_DCmaxCW                stringtext2  005ED
__end_of_DCmin                  stringtext3  005EB
__end_of_OSCILLATOR_Initialize  text7        005F9
__end_of_PIN_MANAGER_Initialize text6        00639
__end_of_PWM1_Initialize        text5        00601
__end_of_PWM1_LoadDutyValue     text9        0064F
__end_of_SYSTEM_Initialize      text2        00625
__end_of_TMR2_Initialize        text4        00609
__end_of_WDT_Initialize         text3        005F3
__end_of___lwdiv                text1        006A6
__end_of__initialization        cinit        007FE
__end_of_main                   maintext     007FC
__initialization                cinit        007FC
__pbssCOMMON                    bssCOMMON    0007A
__pcstackBANK0                  cstackBANK0  00020
__pcstackCOMMON                 cstackCOMMON 00070
__pmaintext                     maintext     006A6
__pstringtext1                  stringtext1  005ED
__pstringtext2                  stringtext2  005EB
__pstringtext3                  stringtext3  005E9
__ptext1                        text1        0066A
__ptext10                       text10       0064F
__ptext2                        text2        00612
__ptext3                        text3        005EF
__ptext4                        text4        00601
__ptext5                        text5        005F9
__ptext6                        text6        00625
__ptext7                        text7        005F3
__ptext8                        text8        00609
__ptext9                        text9        00639
_main                           maintext     006A6
btemp                           (abs)        0007E
end_of_initialization           cinit        007FE
intlevel0                       functab      00000
intlevel1                       functab      00000
intlevel2                       functab      00000
intlevel3                       functab      00000
intlevel4                       functab      00000
intlevel5                       functab      00000
main@C1                         cstackBANK0  00026
main@C1i                        cstackBANK0  0002A
main@C1s                        cstackBANK0  00022
main@C2                         cstackBANK0  00028
main@C2i                        cstackBANK0  0002C
main@C2s                        cstackBANK0  00024
main@dc                         cstackBANK0  0002E
main@i                          cstackBANK0  00020
reset_vec                       reset_vec    00000
start                           init         00001
start_initialization            cinit        007FC
wtemp0                          (abs)        0007E


MODULE INFORMATION

Module		Function		Class		Link	Load	Size
mcc_generated_files/tmr2.c
		_TMR2_Initialize		CODE           	0601	0000	8

mcc_generated_files/tmr2.c estimated size: 8

/opt/microchip/xc8/v2.40/pic/sources/c99/common/lwdiv.c
		___lwdiv       		CODE           	066A	0000	60

/opt/microchip/xc8/v2.40/pic/sources/c99/common/lwdiv.c estimated size: 60

mcc_generated_files/pin_manager.c
		_PIN_MANAGER_Initialize		CODE           	0625	0000	20

mcc_generated_files/pin_manager.c estimated size: 20

mcc_generated_files/adc.c
		_ADC_Initialize		CODE           	0609	0000	9
		_ADC_GetConversion		CODE           	064F	0000	27

mcc_generated_files/adc.c estimated size: 36

shared
		_DCmaxCCW      		STRCODE        	0000	0000	0
		__initialization		CODE           	07FC	0000	2
		_DCmaxCW       		STRCODE        	0000	0000	0
		_DCmin         		STRCODE        	0000	0000	0

shared estimated size: 2

mcc_generated_files/mcc.c
		_WDT_Initialize		CODE           	05EF	0000	4
		_OSCILLATOR_Initialize		CODE           	05F3	0000	6
		_SYSTEM_Initialize		CODE           	0612	0000	19

mcc_generated_files/mcc.c estimated size: 29

mcc_generated_files/pwm1.c
		_PWM1_Initialize		CODE           	05F9	0000	8
		_PWM1_LoadDutyValue		CODE           	0639	0000	22

mcc_generated_files/pwm1.c estimated size: 30

main.c
		_main          		CODE           	06A6	0000	342

main.c estimated size: 342

