CCS PCM C Compiler, Version 5.076, 56587               01-feb.-23 20:32

               Filename:   C:\DRIVE\00 - PROYECTOS\01 - Vigentes\Taladro quirurgico\Firmware\V1.1\System7-7208\main.lst

               ROM used:   514 words (25%)
                           Largest free fragment is 1534
               RAM used:   20 (16%) at main() level
                           36 (28%) worst case
               Stack used: 0 locations
               Stack size: 16

*
0000:  MOVLP  00
0001:  GOTO   03E
0002:  NOP
.................... #include <main.h> 
.................... #include <16F1503.h> 
.................... //////////// Standard Header file for the PIC16F1503 device //////////////// 
.................... /////////////////////////////////////////////////////////////////////////// 
.................... ////        (C) Copyright 1996, 2014 Custom Computer Services          //// 
.................... //// This source code may only be used by licensed users of the CCS C  //// 
.................... //// compiler.  This source code may only be distributed to other      //// 
.................... //// licensed users of the CCS C compiler.  No other use, reproduction //// 
.................... //// or distribution is permitted without written permission.          //// 
.................... //// Derivative programs created using this software in object code    //// 
.................... //// form are not restricted in any way.                               //// 
.................... /////////////////////////////////////////////////////////////////////////// 
.................... #device PIC16F1503 
*
0019:  CLRF   78
001A:  CLRF   79
001B:  CLRF   77
001C:  CLRF   7A
001D:  MOVF   32,W
001E:  BTFSS  03.2
001F:  GOTO   023
0020:  MOVF   31,W
0021:  BTFSC  03.2
0022:  GOTO   03D
0023:  MOVLW  10
0024:  MOVWF  33
0025:  BCF    03.0
0026:  RLF    2F,F
0027:  RLF    30,F
0028:  RLF    77,F
0029:  RLF    7A,F
002A:  MOVF   32,W
002B:  SUBWF  7A,W
002C:  BTFSS  03.2
002D:  GOTO   030
002E:  MOVF   31,W
002F:  SUBWF  77,W
0030:  BTFSS  03.0
0031:  GOTO   039
0032:  MOVF   31,W
0033:  SUBWF  77,F
0034:  BTFSS  03.0
0035:  DECF   7A,F
0036:  MOVF   32,W
0037:  SUBWF  7A,F
0038:  BSF    03.0
0039:  RLF    78,F
003A:  RLF    79,F
003B:  DECFSZ 33,F
003C:  GOTO   025
003D:  RETURN
....................  
.................... #list 
....................  
.................... #device ADC=10 
.................... #use delay(internal=16000000) 
*
0003:  MOVLW  20
0004:  MOVWF  05
0005:  MOVLW  0F
0006:  MOVWF  04
0007:  MOVF   00,W
0008:  BTFSC  03.2
0009:  GOTO   018
000A:  MOVLW  05
000B:  MOVWF  78
000C:  CLRF   77
000D:  DECFSZ 77,F
000E:  GOTO   00D
000F:  DECFSZ 78,F
0010:  GOTO   00C
0011:  MOVLW  2E
0012:  MOVWF  77
0013:  DECFSZ 77,F
0014:  GOTO   013
0015:  GOTO   016
0016:  DECFSZ 00,F
0017:  GOTO   00A
0018:  RETURN
....................  
....................  
.................... const int16 DCmin = 375; 
.................... const int16 DCmaxCW = 250; 
.................... const int16 DCmaxCCW = 500; 
....................  
.................... int16 dc; 
.................... int16 C1, C2, C1i, C2i; 
.................... int16 C1s = 0; 
.................... int16 C2s = 0; 
....................  
.................... void main() 
*
003E:  MOVLW  7A
003F:  MOVLB  01
0040:  MOVWF  19
0041:  MOVLB  00
0042:  CLRF   2B
0043:  CLRF   2A
0044:  CLRF   2D
0045:  CLRF   2C
0046:  MOVLB  03
0047:  CLRF   0C
0048:  CLRF   0E
0049:  MOVLB  02
004A:  CLRF   12
004B:  CLRF   11
004C:  CLRF   14
004D:  CLRF   13
.................... { 
....................    setup_oscillator(OSC_16MHZ | OSC_INTRC); 
004E:  MOVLW  7A
004F:  MOVLB  01
0050:  MOVWF  19
....................  
....................    setup_adc(ADC_CLOCK_INTERNAL); 
0051:  BSF    1E.4
0052:  BSF    1E.5
0053:  BCF    1E.6
0054:  BSF    1E.7
0055:  BSF    1D.0
....................    setup_adc_ports(sAN5 | sAN6 | VSS_VDD);      //AN5 es C1; AN6 es C2 
0056:  BCF    1E.0
0057:  BCF    1E.1
0058:  MOVLW  00
0059:  MOVLB  03
005A:  MOVWF  0C
005B:  MOVLW  06
005C:  MOVWF  0E
....................        
....................    setup_timer_2(T2_DIV_BY_64,125,1); 
005D:  MOVLW  00
005E:  MOVWF  78
005F:  IORLW  07
0060:  MOVLB  00
0061:  MOVWF  1C
0062:  MOVLW  7D
0063:  MOVWF  1B
....................    setup_pwm1(PWM_ENABLED | PWM_ACTIVE_HIGH | PWM_OUTPUT); 
0064:  MOVLB  01
0065:  BCF    0E.5
0066:  MOVLW  C0
0067:  MOVLB  0C
0068:  MOVWF  13
....................     
....................    set_pwm1_duty(375); 
0069:  MOVLW  5D
006A:  MOVWF  12
006B:  MOVLW  C0
006C:  MOVWF  11
....................    delay_ms(200); 
006D:  MOVLW  C8
006E:  MOVLB  00
006F:  MOVWF  2F
0070:  CALL   003
....................     
....................    for(int i=0;i<5;i++) 
0071:  CLRF   2E
0072:  MOVF   2E,W
0073:  SUBLW  04
0074:  BTFSS  03.0
0075:  GOTO   0B2
....................    { 
....................       set_adc_channel(5); 
0076:  MOVLW  14
0077:  MOVWF  78
0078:  MOVLB  01
0079:  MOVF   1D,W
007A:  ANDLW  83
007B:  IORWF  78,W
007C:  MOVWF  1D
....................       delay_ms(1); 
007D:  MOVLW  01
007E:  MOVLB  00
007F:  MOVWF  2F
0080:  CALL   003
....................       C1i = read_adc(); 
0081:  MOVLB  01
0082:  BSF    1D.1
0083:  BTFSC  1D.1
0084:  GOTO   083
0085:  MOVF   1C,W
0086:  MOVWF  7A
0087:  MOVF   1B,W
0088:  MOVLB  00
0089:  MOVWF  26
008A:  MOVF   7A,W
008B:  MOVWF  27
....................       C1s = C1s + C1i; 
008C:  MOVF   26,W
008D:  ADDWF  2A,F
008E:  MOVF   27,W
008F:  ADDWFC 2B,F
....................       delay_ms(1); 
0090:  MOVLW  01
0091:  MOVWF  2F
0092:  CALL   003
....................       set_adc_channel(6); 
0093:  MOVLW  18
0094:  MOVWF  78
0095:  MOVLB  01
0096:  MOVF   1D,W
0097:  ANDLW  83
0098:  IORWF  78,W
0099:  MOVWF  1D
....................       delay_ms(1); 
009A:  MOVLW  01
009B:  MOVLB  00
009C:  MOVWF  2F
009D:  CALL   003
....................       C2i = read_adc(); 
009E:  MOVLB  01
009F:  BSF    1D.1
00A0:  BTFSC  1D.1
00A1:  GOTO   0A0
00A2:  MOVF   1C,W
00A3:  MOVWF  7A
00A4:  MOVF   1B,W
00A5:  MOVLB  00
00A6:  MOVWF  28
00A7:  MOVF   7A,W
00A8:  MOVWF  29
....................       C2s = C2s + C2i; 
00A9:  MOVF   28,W
00AA:  ADDWF  2C,F
00AB:  MOVF   29,W
00AC:  ADDWFC 2D,F
....................       delay_ms(1); 
00AD:  MOVLW  01
00AE:  MOVWF  2F
00AF:  CALL   003
00B0:  INCF   2E,F
00B1:  GOTO   072
....................    } 
....................    C1i = (C1s/5); 
00B2:  MOVF   2B,W
00B3:  MOVWF  30
00B4:  MOVF   2A,W
00B5:  MOVWF  2F
00B6:  CLRF   32
00B7:  MOVLW  05
00B8:  MOVWF  31
00B9:  CALL   019
00BA:  MOVF   79,W
00BB:  MOVWF  27
00BC:  MOVF   78,W
00BD:  MOVWF  26
....................    C2i = (C2s/5); 
00BE:  MOVF   2D,W
00BF:  MOVWF  30
00C0:  MOVF   2C,W
00C1:  MOVWF  2F
00C2:  CLRF   32
00C3:  MOVLW  05
00C4:  MOVWF  31
00C5:  CALL   019
00C6:  MOVF   79,W
00C7:  MOVWF  29
00C8:  MOVF   78,W
00C9:  MOVWF  28
....................    C1s = 0; 
00CA:  CLRF   2B
00CB:  CLRF   2A
....................    C2s = 0; 
00CC:  CLRF   2D
00CD:  CLRF   2C
....................     
....................    delay_ms(200); 
00CE:  MOVLW  C8
00CF:  MOVWF  2F
00D0:  CALL   003
....................     
....................    while(TRUE) 
....................    { 
....................       set_adc_channel(5); 
00D1:  MOVLW  14
00D2:  MOVWF  78
00D3:  MOVLB  01
00D4:  MOVF   1D,W
00D5:  ANDLW  83
00D6:  IORWF  78,W
00D7:  MOVWF  1D
....................       delay_us(25); 
00D8:  MOVLW  21
00D9:  MOVWF  77
00DA:  DECFSZ 77,F
00DB:  GOTO   0DA
....................       C1 = read_adc(); 
00DC:  BSF    1D.1
00DD:  BTFSC  1D.1
00DE:  GOTO   0DD
00DF:  MOVF   1C,W
00E0:  MOVWF  7A
00E1:  MOVF   1B,W
00E2:  MOVLB  00
00E3:  MOVWF  22
00E4:  MOVF   7A,W
00E5:  MOVWF  23
....................       set_adc_channel(6); 
00E6:  MOVLW  18
00E7:  MOVWF  78
00E8:  MOVLB  01
00E9:  MOVF   1D,W
00EA:  ANDLW  83
00EB:  IORWF  78,W
00EC:  MOVWF  1D
....................       delay_us(25); 
00ED:  MOVLW  21
00EE:  MOVWF  77
00EF:  DECFSZ 77,F
00F0:  GOTO   0EF
....................       C2 = read_adc(); 
00F1:  BSF    1D.1
00F2:  BTFSC  1D.1
00F3:  GOTO   0F2
00F4:  MOVF   1C,W
00F5:  MOVWF  7A
00F6:  MOVF   1B,W
00F7:  MOVLB  00
00F8:  MOVWF  24
00F9:  MOVF   7A,W
00FA:  MOVWF  25
....................        
....................       if(C1 > (C1i + 3)) 
00FB:  MOVLW  03
00FC:  ADDWF  26,W
00FD:  MOVWF  78
00FE:  MOVLW  00
00FF:  ADDWFC 27,W
0100:  MOVWF  7A
0101:  MOVF   7A,W
0102:  SUBWF  23,W
0103:  BTFSS  03.0
0104:  GOTO   16F
0105:  BTFSS  03.2
0106:  GOTO   10B
0107:  MOVF   22,W
0108:  SUBWF  78,W
0109:  BTFSC  03.0
010A:  GOTO   16F
....................       { 
....................          set_adc_channel(5); 
010B:  MOVLW  14
010C:  MOVWF  78
010D:  MOVLB  01
010E:  MOVF   1D,W
010F:  ANDLW  83
0110:  IORWF  78,W
0111:  MOVWF  1D
....................          delay_us(25); 
0112:  MOVLW  21
0113:  MOVWF  77
0114:  DECFSZ 77,F
0115:  GOTO   114
....................          while(C1 > (C1i + 10)) 
0116:  MOVLW  0A
0117:  MOVLB  00
0118:  ADDWF  26,W
0119:  MOVWF  78
011A:  MOVLW  00
011B:  ADDWFC 27,W
011C:  MOVWF  7A
011D:  MOVF   7A,W
011E:  SUBWF  23,W
011F:  BTFSS  03.0
0120:  GOTO   16E
0121:  BTFSS  03.2
0122:  GOTO   127
0123:  MOVF   22,W
0124:  SUBWF  78,W
0125:  BTFSC  03.0
0126:  GOTO   16E
....................          { 
....................             C1 = read_adc(); 
0127:  MOVLB  01
0128:  BSF    1D.1
0129:  BTFSC  1D.1
012A:  GOTO   129
012B:  MOVF   1C,W
012C:  MOVWF  7A
012D:  MOVF   1B,W
012E:  MOVLB  00
012F:  MOVWF  22
0130:  MOVF   7A,W
0131:  MOVWF  23
....................             dc = 895 - C1; 
0132:  MOVF   22,W
0133:  SUBLW  7F
0134:  MOVWF  20
0135:  MOVLW  03
0136:  MOVWF  21
0137:  MOVF   23,W
0138:  SUBWFC 21,F
....................             delay_us(25); 
0139:  MOVLW  21
013A:  MOVWF  77
013B:  DECFSZ 77,F
013C:  GOTO   13B
....................             if (dc<DCmaxCW){dc=DCmaxCW;} 
013D:  MOVF   21,F
013E:  BTFSS  03.2
013F:  GOTO   147
0140:  MOVF   20,W
0141:  SUBLW  F9
0142:  BTFSS  03.0
0143:  GOTO   147
0144:  CLRF   21
0145:  MOVLW  FA
0146:  MOVWF  20
....................             if (dc>DCmin){dc=DCmin;} 
0147:  MOVF   21,W
0148:  SUBLW  00
0149:  BTFSC  03.0
014A:  GOTO   156
014B:  XORLW  FF
014C:  BTFSS  03.2
014D:  GOTO   152
014E:  MOVF   20,W
014F:  SUBLW  77
0150:  BTFSC  03.0
0151:  GOTO   156
0152:  MOVLW  01
0153:  MOVWF  21
0154:  MOVLW  77
0155:  MOVWF  20
....................             set_pwm1_duty(dc); 
0156:  MOVF   21,W
0157:  MOVWF  79
0158:  MOVF   20,W
0159:  MOVWF  78
015A:  RLF    78,F
015B:  RLF    79,F
015C:  RLF    78,F
015D:  RLF    79,F
015E:  RLF    78,F
015F:  RLF    79,F
0160:  RLF    78,F
0161:  RLF    79,F
0162:  RLF    78,F
0163:  RLF    79,F
0164:  RLF    78,F
0165:  RLF    79,F
0166:  MOVF   79,W
0167:  MOVLB  0C
0168:  MOVWF  12
0169:  MOVF   78,W
016A:  MOVWF  11
016B:  MOVLB  01
016C:  GOTO   116
016D:  MOVLB  00
....................          } 
....................       } 
016E:  GOTO   1EA
....................       else if(C2 > (C2i + 10)) 
016F:  MOVLW  0A
0170:  ADDWF  28,W
0171:  MOVWF  78
0172:  MOVLW  00
0173:  ADDWFC 29,W
0174:  MOVWF  7A
0175:  MOVF   7A,W
0176:  SUBWF  25,W
0177:  BTFSS  03.0
0178:  GOTO   1E6
0179:  BTFSS  03.2
017A:  GOTO   17F
017B:  MOVF   24,W
017C:  SUBWF  78,W
017D:  BTFSC  03.0
017E:  GOTO   1E6
....................       { 
....................          set_adc_channel(6); 
017F:  MOVLW  18
0180:  MOVWF  78
0181:  MOVLB  01
0182:  MOVF   1D,W
0183:  ANDLW  83
0184:  IORWF  78,W
0185:  MOVWF  1D
....................          delay_us(25); 
0186:  MOVLW  21
0187:  MOVWF  77
0188:  DECFSZ 77,F
0189:  GOTO   188
....................          while(C2 > (C2i + 3)) 
018A:  MOVLW  03
018B:  MOVLB  00
018C:  ADDWF  28,W
018D:  MOVWF  78
018E:  MOVLW  00
018F:  ADDWFC 29,W
0190:  MOVWF  7A
0191:  MOVF   7A,W
0192:  SUBWF  25,W
0193:  BTFSS  03.0
0194:  GOTO   1E5
0195:  BTFSS  03.2
0196:  GOTO   19B
0197:  MOVF   24,W
0198:  SUBWF  78,W
0199:  BTFSC  03.0
019A:  GOTO   1E5
....................          { 
....................             C2 = read_adc(); 
019B:  MOVLB  01
019C:  BSF    1D.1
019D:  BTFSC  1D.1
019E:  GOTO   19D
019F:  MOVF   1C,W
01A0:  MOVWF  7A
01A1:  MOVF   1B,W
01A2:  MOVLB  00
01A3:  MOVWF  24
01A4:  MOVF   7A,W
01A5:  MOVWF  25
....................             dc = C2 - 145; 
01A6:  MOVLW  91
01A7:  SUBWF  24,W
01A8:  MOVWF  20
01A9:  MOVLW  00
01AA:  SUBWFC 25,W
01AB:  MOVWF  21
....................             delay_us(25); 
01AC:  MOVLW  21
01AD:  MOVWF  77
01AE:  DECFSZ 77,F
01AF:  GOTO   1AE
....................             if (dc<DCmin) {dc=DCmin;} 
01B0:  MOVF   21,W
01B1:  SUBLW  01
01B2:  BTFSS  03.0
01B3:  GOTO   1BE
01B4:  BTFSS  03.2
01B5:  GOTO   1BA
01B6:  MOVF   20,W
01B7:  SUBLW  76
01B8:  BTFSS  03.0
01B9:  GOTO   1BE
01BA:  MOVLW  01
01BB:  MOVWF  21
01BC:  MOVLW  77
01BD:  MOVWF  20
....................             if (dc>DCmaxCCW) {dc=DCmaxCCW;} 
01BE:  MOVF   21,W
01BF:  SUBLW  00
01C0:  BTFSC  03.0
01C1:  GOTO   1CD
01C2:  XORLW  FF
01C3:  BTFSS  03.2
01C4:  GOTO   1C9
01C5:  MOVF   20,W
01C6:  SUBLW  F4
01C7:  BTFSC  03.0
01C8:  GOTO   1CD
01C9:  MOVLW  01
01CA:  MOVWF  21
01CB:  MOVLW  F4
01CC:  MOVWF  20
....................             set_pwm1_duty(dc); 
01CD:  MOVF   21,W
01CE:  MOVWF  79
01CF:  MOVF   20,W
01D0:  MOVWF  78
01D1:  RLF    78,F
01D2:  RLF    79,F
01D3:  RLF    78,F
01D4:  RLF    79,F
01D5:  RLF    78,F
01D6:  RLF    79,F
01D7:  RLF    78,F
01D8:  RLF    79,F
01D9:  RLF    78,F
01DA:  RLF    79,F
01DB:  RLF    78,F
01DC:  RLF    79,F
01DD:  MOVF   79,W
01DE:  MOVLB  0C
01DF:  MOVWF  12
01E0:  MOVF   78,W
01E1:  MOVWF  11
01E2:  MOVLB  01
01E3:  GOTO   18A
01E4:  MOVLB  00
....................          } 
....................       } 
01E5:  GOTO   1EA
....................       else 
....................       { 
....................          dc = 375; 
01E6:  MOVLW  01
01E7:  MOVWF  21
01E8:  MOVLW  77
01E9:  MOVWF  20
....................       } 
....................       set_pwm1_duty(dc); 
01EA:  MOVF   21,W
01EB:  MOVWF  79
01EC:  MOVF   20,W
01ED:  MOVWF  78
01EE:  RLF    78,F
01EF:  RLF    79,F
01F0:  RLF    78,F
01F1:  RLF    79,F
01F2:  RLF    78,F
01F3:  RLF    79,F
01F4:  RLF    78,F
01F5:  RLF    79,F
01F6:  RLF    78,F
01F7:  RLF    79,F
01F8:  RLF    78,F
01F9:  RLF    79,F
01FA:  MOVF   79,W
01FB:  MOVLB  0C
01FC:  MOVWF  12
01FD:  MOVF   78,W
01FE:  MOVWF  11
01FF:  MOVLB  00
0200:  GOTO   0D1
....................    } 
.................... } 
0201:  SLEEP

Configuration Fuses:
   Word  1: 3FC4   INTRC_IO NOWDT PUT MCLR NOPROTECT BROWNOUT NOCLKOUT
   Word  2: 1FFF   NOWRT STVREN BORV19 NOLPBOR NOLVP
